// Jest Snapshot v1, https://goo.gl/fbAQLP

exports[`class ElementBuilder take a snapshot of Elements 1`] = `
Object {
  "mockId1": Object {
    "dragEvents": [Function],
    "elementGetter": [Function],
    "modeSetter": [Function],
    "styleGetter": [Function],
    "styleSetter": [Function],
  },
  "mockId2": Object {
    "dragEvents": [Function],
    "elementGetter": [Function],
    "modeSetter": [Function],
    "styleGetter": [Function],
    "styleSetter": [Function],
  },
  "mockId3": Object {
    "dragEvents": [Function],
    "elementGetter": [Function],
    "modeSetter": [Function],
    "styleGetter": [Function],
    "styleSetter": [Function],
  },
}
`;
